1,10,11,12,13,14,2,3,4,5,6,7,8,9
abhjlo
1
14
1,a,2
10,,11
11,l,12
12,,13
13,a,14
2,,3
3,h,4
4,,5
5,o,6
6,,7
7,j,8
8,,9
9,b,10
