1,10,2,3,4,5,6,7,8,9
ab
9
10
1,a,2
2,,5
3,b,4
4,,3
4,,6
5,,3
5,,6
6,,7
7,a,8
8,,1
8,,10
9,,1
9,,10
