1,10,2,3,4,5,6,7,8,9
abc
9
10
1,a,2
2,,3
3,b,4
4,,10
5,c,6
6,,7
7,b,8
8,,10
9,,1
9,,5
